
> portland-sports-bar-finder@1.0.0 build
> next build

▲ Next.js 16.3.7 (Turbopack)
✓ Running next.config.mjs took 18ms
⚠ No build cache found. Please configure build caching for faster rebuilds. Read more: https://nextjs.org/docs/messages/no-cache

  Creating an optimized production build ...
✓ Compiled successfully in 4.9s
  Running TypeScript ...
  Finished TypeScript in 5ms ...
  Collecting page data using 3 workers ...
  Generating static pages using 3 workers (0/5) ...
  Generating static pages using 3 workers (1/5) 
  Generating static pages using 3 workers (2/5) 
  Generating static pages using 3 workers (3/5) 
✓ Generating static pages using 3 workers (5/5) in 214ms
Turbopack build encountered 1 warning:
./
Warning: Failed to find font override values for font `Big Shoulders`
Skipping generating a fallback font.


  Finalizing page optimization ...

Route (app)
┌ ƒ /
├ ○ /_not-found
├ ƒ /[city]
├ ƒ /[city]/bars/[id]
├ ƒ /[city]/report
├ ƒ /[city]/report/thanks
├ ƒ /admin
├ ƒ /admin/bars
├ ƒ /admin/bars/[id]
├ ƒ /admin/bars/new
├ ○ /changelog
├ ○ /icon.svg
└ ○ /privacy


○  (Static)   prerendered as static content
ƒ  (Dynamic)  server-rendered on demand

